// Jest Snapshot v1, https://goo.gl/fbAQLP

exports[`Level Example 1`] = `
Array [
  <section
    className="section"
  >
    <h1
      className="title"
    >
      Level Right
    </h1>
    <nav
      className="level"
    >
      <div
        className="level-item level-right"
      >
        <div
          className="level-item"
        >
          <strong>
            All
          </strong>
        </div>
        <div
          className="level-item"
        >
          <a
            href="#!"
          >
            Published
          </a>
        </div>
        <div
          className="level-item"
        >
          <a
            href="#!"
          >
            Drafts
          </a>
        </div>
        <div
          className="level-item"
        >
          <a
            href="#!"
          >
            Deleted
          </a>
        </div>
        <div
          className="level-item"
        >
          <div
            className="control"
          >
            <button
              className="button is-success"
              type="button"
            >
              New
            </button>
          </div>
        </div>
      </div>
    </nav>
  </section>,
  <section
    className="section"
  >
    <h1
      className="title"
    >
      Level left
    </h1>
    <nav
      className="level"
    >
      <div
        className="level-item level-left"
      >
        <div
          className="level-item"
        >
          <h1
            className="subtitle is-5"
          >
            123 posts
          </h1>
        </div>
        <div
          className="level-item"
        >
          <div
            className="field has-addons"
          >
            <div
              className="control"
            >
              <input
                className="input"
                placeholder="Find a Post"
                type="text"
              />
            </div>
            <div
              className="control"
            >
              <button
                className="button"
                type="button"
              >
                Search
              </button>
            </div>
          </div>
        </div>
      </div>
    </nav>
  </section>,
  <section
    className="section"
  >
    <h1
      className="title"
    >
      Centered level
    </h1>
    <nav
      className="level"
    >
      <div
        className="level-item"
      >
        <section
          className="section"
        >
          <div
            className="has-text-centered"
          >
            Tweets
          </div>
          <h1
            className="title"
          >
            3,456
          </h1>
        </section>
      </div>
      <div
        className="level-item"
      >
        <section
          className="section"
        >
          <div
            className="has-text-centered"
          >
            Following
          </div>
          <h1
            className="title"
          >
            123
          </h1>
        </section>
      </div>
      <div
        className="level-item"
      >
        <section
          className="section"
        >
          <div
            className="has-text-centered"
          >
            Followers
          </div>
          <h1
            className="title"
          >
            456K
          </h1>
        </section>
      </div>
      <div
        className="level-item"
      >
        <section
          className="section"
        >
          <div
            className="has-text-centered"
          >
            Likes
          </div>
          <h1
            className="title"
          >
            789
          </h1>
        </section>
      </div>
    </nav>
    <nav
      className="level"
    >
      <div
        className="level-item"
      >
        <section
          className="section"
        >
          <div
            className="has-text-centered has-text-info"
          >
            <a
              href="#!"
            >
              Home
            </a>
          </div>
        </section>
      </div>
      <div
        className="level-item"
      >
        <section
          className="section"
        >
          <div
            className="has-text-centered has-text-info"
          >
            <a
              href="#!"
            >
              Menu
            </a>
          </div>
        </section>
      </div>
      <div
        className="level-item"
      >
        <section
          className="section"
        >
          <div
            className="has-text-centered"
          >
            <img
              alt="bulma logo"
              src="https://bulma.io/images/bulma-type.png"
              style={
                Object {
                  "height": "30px",
                }
              }
            />
          </div>
        </section>
      </div>
      <div
        className="level-item"
      >
        <section
          className="section"
        >
          <div
            className="has-text-centered has-text-info"
          >
            <a
              href="#!"
            >
              Reservations
            </a>
          </div>
        </section>
      </div>
      <div
        className="level-item"
      >
        <section
          className="section"
        >
          <div
            className="has-text-centered has-text-info"
          >
            <a
              href="#!"
            >
              Contact
            </a>
          </div>
        </section>
      </div>
    </nav>
  </section>,
  <section
    className="section"
  >
    <h1
      className="title"
    >
      Mobile level
    </h1>
    <nav
      className="level is-mobile"
    >
      <div
        className="level-item"
      >
        <section
          className="section"
        >
          <div
            className="has-text-centered"
          >
            Tweets
          </div>
          <h1
            className="title"
          >
            3,456
          </h1>
        </section>
      </div>
      <div
        className="level-item"
      >
        <section
          className="section"
        >
          <div
            className="has-text-centered"
          >
            Following
          </div>
          <h1
            className="title"
          >
            123
          </h1>
        </section>
      </div>
      <div
        className="level-item"
      >
        <section
          className="section"
        >
          <div
            className="has-text-centered"
          >
            Followers
          </div>
          <h1
            className="title"
          >
            456K
          </h1>
        </section>
      </div>
      <div
        className="level-item"
      >
        <section
          className="section"
        >
          <div
            className="has-text-centered"
          >
            Likes
          </div>
          <h1
            className="title"
          >
            789
          </h1>
        </section>
      </div>
    </nav>
  </section>,
]
`;
