// Jest Snapshot v1, https://goo.gl/fbAQLP

exports[`User Form Example 1`] = `
<form
  action="#"
  onReset={[Function]}
  onSubmit={[Function]}
>
  <div
    className="field"
  >
    <label
      className="label"
      htmlFor="name"
    >
      Name:
    </label>
    <div
      className="control"
    >
      <input
        className="input"
        id="name"
        name="name"
        onBlur={[Function]}
        onChange={[Function]}
        type="text"
        value=""
      />
    </div>
  </div>
  <div
    className="field"
  >
    <label
      className="label"
      htmlFor="username"
    >
      UserName:
    </label>
    <div
      className="control"
    >
      <input
        className="input"
        id="username"
        name="username"
        onBlur={[Function]}
        onChange={[Function]}
        type="text"
        value=""
      />
    </div>
  </div>
  <div
    className="field"
  >
    <label
      className="label"
      htmlFor="email"
    >
      Email
    </label>
    <div
      className="control"
    >
      <input
        className="input"
        id="email"
        name="email"
        onBlur={[Function]}
        onChange={[Function]}
        type="email"
        value=""
      />
    </div>
  </div>
  <div
    className="field"
  >
    <label
      className="label"
      htmlFor="phone"
    >
      Phone:
    </label>
    <div
      className="control"
    >
      <input
        className="input"
        id="phone"
        name="phone"
        onBlur={[Function]}
        onChange={[Function]}
        type="tel"
        value={0}
      />
    </div>
  </div>
  <div
    className="field"
  >
    <label
      className="label"
      htmlFor="website"
    >
      Website:
    </label>
    <div
      className="control"
    >
      <input
        className="input"
        id="website"
        name="website"
        onBlur={[Function]}
        onChange={[Function]}
        type="url"
        value=""
      />
    </div>
  </div>
  <div
    className="buttons"
  >
    <button
      className="button is-info"
      disabled={false}
      type="submit"
    >
      Submit
    </button>
    <button
      className="button is-danger"
      disabled={true}
      onClick={[Function]}
      type="reset"
    >
      Reset
    </button>
  </div>
  <pre>
    {
  "name": "",
  "username": "",
  "email": "",
  "phone": 0,
  "website": ""
}
  </pre>
</form>
`;
