// Jest Snapshot v1, https://goo.gl/fbAQLP

exports[`Formik Login Form 1`] = `
<form
  action="#"
  onReset={[Function]}
  onSubmit={[Function]}
>
  <fieldset>
    <label>
      Username
    </label>
    <input
      name="username"
      onBlur={[Function]}
      onChange={[Function]}
      value=""
    />
  </fieldset>
  <fieldset>
    <label>
      Password
    </label>
    <input
      name="password"
      onBlur={[Function]}
      onChange={[Function]}
      type="password"
      value=""
    />
  </fieldset>
  <fieldset>
    <button
      type="submit"
    >
       Submit 
    </button>
    <button
      type="reset"
    >
       Reset 
    </button>
  </fieldset>
</form>
`;
