// Jest Snapshot v1, https://goo.gl/fbAQLP

exports[`Simple Login Form 1`] = `
<section
  className="section"
>
  <form
    action="#"
    onReset={[Function]}
    onSubmit={[Function]}
  >
    <div
      className="field"
    >
      <label
        className="label"
        htmlFor="username"
      >
        Username:
      </label>
      <div
        className="control"
      >
        <input
          className="input"
          id="username"
          name="username"
          onBlur={[Function]}
          onChange={[Function]}
          type="text"
          value=""
        />
      </div>
    </div>
    <div
      className="field"
    >
      <label
        className="label"
        htmlFor="password"
      >
        Password:
      </label>
      <div
        className="control"
      >
        <input
          className="input"
          id="password"
          name="password"
          onBlur={[Function]}
          onChange={[Function]}
          type="password"
          value=""
        />
      </div>
    </div>
    <div
      className="buttons"
    >
      <button
        className="button is-info"
        disabled={false}
        type="submit"
      >
        Submit
      </button>
      <button
        className="button is-danger"
        disabled={true}
        onClick={[Function]}
        type="reset"
      >
        Reset
      </button>
    </div>
    <pre>
      {
  "username": "",
  "password": ""
}
    </pre>
  </form>
</section>
`;
