// Jest Snapshot v1, https://goo.gl/fbAQLP

exports[`Icon Example 1`] = `
Array [
  <section
    className="section"
  >
    <h1
      className="title"
    >
      Normal Icon
    </h1>
    <span
      className="icon"
    >
      <svg
        aria-hidden="true"
        className="svg-inline--fa fa-home fa-w-18 "
        data-icon="home"
        data-prefix="fas"
        focusable="false"
        role="img"
        style={Object {}}
        viewBox="0 0 576 512"
        xmlns="http://www.w3.org/2000/svg"
      >
        <path
          d="M280.37 148.26L96 300.11V464a16 16 0 0 0 16 16l112.06-.29a16 16 0 0 0 15.92-16V368a16 16 0 0 1 16-16h64a16 16 0 0 1 16 16v95.64a16 16 0 0 0 16 16.05L464 480a16 16 0 0 0 16-16V300L295.67 148.26a12.19 12.19 0 0 0-15.3 0zM571.6 251.47L488 182.56V44.05a12 12 0 0 0-12-12h-56a12 12 0 0 0-12 12v72.61L318.47 43a48 48 0 0 0-61 0L4.34 251.47a12 12 0 0 0-1.6 16.9l25.5 31A12 12 0 0 0 45.15 301l235.22-193.74a12.19 12.19 0 0 1 15.3 0L530.9 301a12 12 0 0 0 16.9-1.6l25.5-31a12 12 0 0 0-1.7-16.93z"
          fill="currentColor"
          style={Object {}}
        />
      </svg>
    </span>
  </section>,
  <section
    className="section"
  >
    <h1
      className="title"
    >
      Colors
    </h1>
    <span
      className="icon has-text-success"
    >
      <svg
        aria-hidden="true"
        className="svg-inline--fa fa-check fa-w-16 "
        data-icon="check"
        data-prefix="fas"
        focusable="false"
        role="img"
        style={Object {}}
        viewBox="0 0 512 512"
        xmlns="http://www.w3.org/2000/svg"
      >
        <path
          d="M173.898 439.404l-166.4-166.4c-9.997-9.997-9.997-26.206 0-36.204l36.203-36.204c9.997-9.998 26.207-9.998 36.204 0L192 312.69 432.095 72.596c9.997-9.997 26.207-9.997 36.204 0l36.203 36.204c9.997 9.997 9.997 26.206 0 36.204l-294.4 294.401c-9.998 9.997-26.207 9.997-36.204-.001z"
          fill="currentColor"
          style={Object {}}
        />
      </svg>
    </span>
    <span
      className="icon has-text-warning"
    >
      <svg
        aria-hidden="true"
        className="svg-inline--fa fa-exclamation-triangle fa-w-18 "
        data-icon="exclamation-triangle"
        data-prefix="fas"
        focusable="false"
        role="img"
        style={Object {}}
        viewBox="0 0 576 512"
        xmlns="http://www.w3.org/2000/svg"
      >
        <path
          d="M569.517 440.013C587.975 472.007 564.806 512 527.94 512H48.054c-36.937 0-59.999-40.055-41.577-71.987L246.423 23.985c18.467-32.009 64.72-31.951 83.154 0l239.94 416.028zM288 354c-25.405 0-46 20.595-46 46s20.595 46 46 46 46-20.595 46-46-20.595-46-46-46zm-43.673-165.346l7.418 136c.347 6.364 5.609 11.346 11.982 11.346h48.546c6.373 0 11.635-4.982 11.982-11.346l7.418-136c.375-6.874-5.098-12.654-11.982-12.654h-63.383c-6.884 0-12.356 5.78-11.981 12.654z"
          fill="currentColor"
          style={Object {}}
        />
      </svg>
    </span>
    <span
      className="icon has-text-danger"
    >
      <svg
        aria-hidden="true"
        className="svg-inline--fa fa-ban fa-w-16 "
        data-icon="ban"
        data-prefix="fas"
        focusable="false"
        role="img"
        style={Object {}}
        viewBox="0 0 512 512"
        xmlns="http://www.w3.org/2000/svg"
      >
        <path
          d="M256 8C119.034 8 8 119.033 8 256s111.034 248 248 248 248-111.034 248-248S392.967 8 256 8zm130.108 117.892c65.448 65.448 70 165.481 20.677 235.637L150.47 105.216c70.204-49.356 170.226-44.735 235.638 20.676zM125.892 386.108c-65.448-65.448-70-165.481-20.677-235.637L361.53 406.784c-70.203 49.356-170.226 44.736-235.638-20.676z"
          fill="currentColor"
          style={Object {}}
        />
      </svg>
    </span>
    <span
      className="icon has-text-info"
    >
      <svg
        aria-hidden="true"
        className="svg-inline--fa fa-info-circle fa-w-16 "
        data-icon="info-circle"
        data-prefix="fas"
        focusable="false"
        role="img"
        style={Object {}}
        viewBox="0 0 512 512"
        xmlns="http://www.w3.org/2000/svg"
      >
        <path
          d="M256 8C119.043 8 8 119.083 8 256c0 136.997 111.043 248 248 248s248-111.003 248-248C504 119.083 392.957 8 256 8zm0 110c23.196 0 42 18.804 42 42s-18.804 42-42 42-42-18.804-42-42 18.804-42 42-42zm56 254c0 6.627-5.373 12-12 12h-88c-6.627 0-12-5.373-12-12v-24c0-6.627 5.373-12 12-12h12v-64h-12c-6.627 0-12-5.373-12-12v-24c0-6.627 5.373-12 12-12h64c6.627 0 12 5.373 12 12v100h12c6.627 0 12 5.373 12 12v24z"
          fill="currentColor"
          style={Object {}}
        />
      </svg>
    </span>
  </section>,
  <section
    className="section"
  >
    <h1
      className="title"
    >
      Sizes
    </h1>
    <span
      className="icon"
    >
      <svg
        aria-hidden="true"
        className="svg-inline--fa fa-user fa-w-14 fa-sm "
        data-icon="user"
        data-prefix="fas"
        focusable="false"
        role="img"
        style={Object {}}
        viewBox="0 0 448 512"
        xmlns="http://www.w3.org/2000/svg"
      >
        <path
          d="M224 256c70.7 0 128-57.3 128-128S294.7 0 224 0 96 57.3 96 128s57.3 128 128 128zm89.6 32h-16.7c-22.2 10.2-46.9 16-72.9 16s-50.6-5.8-72.9-16h-16.7C60.2 288 0 348.2 0 422.4V464c0 26.5 21.5 48 48 48h352c26.5 0 48-21.5 48-48v-41.6c0-74.2-60.2-134.4-134.4-134.4z"
          fill="currentColor"
          style={Object {}}
        />
      </svg>
    </span>
    <span
      className="icon"
    >
      <svg
        aria-hidden="true"
        className="svg-inline--fa fa-user fa-w-14 fa-lg "
        data-icon="user"
        data-prefix="fas"
        focusable="false"
        role="img"
        style={Object {}}
        viewBox="0 0 448 512"
        xmlns="http://www.w3.org/2000/svg"
      >
        <path
          d="M224 256c70.7 0 128-57.3 128-128S294.7 0 224 0 96 57.3 96 128s57.3 128 128 128zm89.6 32h-16.7c-22.2 10.2-46.9 16-72.9 16s-50.6-5.8-72.9-16h-16.7C60.2 288 0 348.2 0 422.4V464c0 26.5 21.5 48 48 48h352c26.5 0 48-21.5 48-48v-41.6c0-74.2-60.2-134.4-134.4-134.4z"
          fill="currentColor"
          style={Object {}}
        />
      </svg>
    </span>
    <span
      className="icon"
    >
      <svg
        aria-hidden="true"
        className="svg-inline--fa fa-user fa-w-14 fa-xs "
        data-icon="user"
        data-prefix="fas"
        focusable="false"
        role="img"
        style={Object {}}
        viewBox="0 0 448 512"
        xmlns="http://www.w3.org/2000/svg"
      >
        <path
          d="M224 256c70.7 0 128-57.3 128-128S294.7 0 224 0 96 57.3 96 128s57.3 128 128 128zm89.6 32h-16.7c-22.2 10.2-46.9 16-72.9 16s-50.6-5.8-72.9-16h-16.7C60.2 288 0 348.2 0 422.4V464c0 26.5 21.5 48 48 48h352c26.5 0 48-21.5 48-48v-41.6c0-74.2-60.2-134.4-134.4-134.4z"
          fill="currentColor"
          style={Object {}}
        />
      </svg>
    </span>
    <span
      className="icon"
    >
      <svg
        aria-hidden="true"
        className="svg-inline--fa fa-user fa-w-14 fa-1x "
        data-icon="user"
        data-prefix="fas"
        focusable="false"
        role="img"
        style={Object {}}
        viewBox="0 0 448 512"
        xmlns="http://www.w3.org/2000/svg"
      >
        <path
          d="M224 256c70.7 0 128-57.3 128-128S294.7 0 224 0 96 57.3 96 128s57.3 128 128 128zm89.6 32h-16.7c-22.2 10.2-46.9 16-72.9 16s-50.6-5.8-72.9-16h-16.7C60.2 288 0 348.2 0 422.4V464c0 26.5 21.5 48 48 48h352c26.5 0 48-21.5 48-48v-41.6c0-74.2-60.2-134.4-134.4-134.4z"
          fill="currentColor"
          style={Object {}}
        />
      </svg>
    </span>
    <span
      className="icon"
    >
      <svg
        aria-hidden="true"
        className="svg-inline--fa fa-user fa-w-14 fa-2x "
        data-icon="user"
        data-prefix="fas"
        focusable="false"
        role="img"
        style={Object {}}
        viewBox="0 0 448 512"
        xmlns="http://www.w3.org/2000/svg"
      >
        <path
          d="M224 256c70.7 0 128-57.3 128-128S294.7 0 224 0 96 57.3 96 128s57.3 128 128 128zm89.6 32h-16.7c-22.2 10.2-46.9 16-72.9 16s-50.6-5.8-72.9-16h-16.7C60.2 288 0 348.2 0 422.4V464c0 26.5 21.5 48 48 48h352c26.5 0 48-21.5 48-48v-41.6c0-74.2-60.2-134.4-134.4-134.4z"
          fill="currentColor"
          style={Object {}}
        />
      </svg>
    </span>
    <section
      className="section"
    >
      <span
        className="icon"
      >
        <svg
          aria-hidden="true"
          className="svg-inline--fa fa-user fa-w-14 fa-3x "
          data-icon="user"
          data-prefix="fas"
          focusable="false"
          role="img"
          style={Object {}}
          viewBox="0 0 448 512"
          xmlns="http://www.w3.org/2000/svg"
        >
          <path
            d="M224 256c70.7 0 128-57.3 128-128S294.7 0 224 0 96 57.3 96 128s57.3 128 128 128zm89.6 32h-16.7c-22.2 10.2-46.9 16-72.9 16s-50.6-5.8-72.9-16h-16.7C60.2 288 0 348.2 0 422.4V464c0 26.5 21.5 48 48 48h352c26.5 0 48-21.5 48-48v-41.6c0-74.2-60.2-134.4-134.4-134.4z"
            fill="currentColor"
            style={Object {}}
          />
        </svg>
      </span>
    </section>
    <section
      className="section"
    >
      <span
        className="icon"
      >
        <svg
          aria-hidden="true"
          className="svg-inline--fa fa-user fa-w-14 fa-4x "
          data-icon="user"
          data-prefix="fas"
          focusable="false"
          role="img"
          style={Object {}}
          viewBox="0 0 448 512"
          xmlns="http://www.w3.org/2000/svg"
        >
          <path
            d="M224 256c70.7 0 128-57.3 128-128S294.7 0 224 0 96 57.3 96 128s57.3 128 128 128zm89.6 32h-16.7c-22.2 10.2-46.9 16-72.9 16s-50.6-5.8-72.9-16h-16.7C60.2 288 0 348.2 0 422.4V464c0 26.5 21.5 48 48 48h352c26.5 0 48-21.5 48-48v-41.6c0-74.2-60.2-134.4-134.4-134.4z"
            fill="currentColor"
            style={Object {}}
          />
        </svg>
      </span>
    </section>
    <section
      className="section"
    >
      <span
        className="icon"
      >
        <svg
          aria-hidden="true"
          className="svg-inline--fa fa-user fa-w-14 fa-5x "
          data-icon="user"
          data-prefix="fas"
          focusable="false"
          role="img"
          style={Object {}}
          viewBox="0 0 448 512"
          xmlns="http://www.w3.org/2000/svg"
        >
          <path
            d="M224 256c70.7 0 128-57.3 128-128S294.7 0 224 0 96 57.3 96 128s57.3 128 128 128zm89.6 32h-16.7c-22.2 10.2-46.9 16-72.9 16s-50.6-5.8-72.9-16h-16.7C60.2 288 0 348.2 0 422.4V464c0 26.5 21.5 48 48 48h352c26.5 0 48-21.5 48-48v-41.6c0-74.2-60.2-134.4-134.4-134.4z"
            fill="currentColor"
            style={Object {}}
          />
        </svg>
      </span>
    </section>
    <section
      className="section"
    >
      <span
        className="icon"
      >
        <svg
          aria-hidden="true"
          className="svg-inline--fa fa-user fa-w-14 fa-6x "
          data-icon="user"
          data-prefix="fas"
          focusable="false"
          role="img"
          style={Object {}}
          viewBox="0 0 448 512"
          xmlns="http://www.w3.org/2000/svg"
        >
          <path
            d="M224 256c70.7 0 128-57.3 128-128S294.7 0 224 0 96 57.3 96 128s57.3 128 128 128zm89.6 32h-16.7c-22.2 10.2-46.9 16-72.9 16s-50.6-5.8-72.9-16h-16.7C60.2 288 0 348.2 0 422.4V464c0 26.5 21.5 48 48 48h352c26.5 0 48-21.5 48-48v-41.6c0-74.2-60.2-134.4-134.4-134.4z"
            fill="currentColor"
            style={Object {}}
          />
        </svg>
      </span>
    </section>
    <section
      className="section"
    >
      <span
        className="icon"
      >
        <svg
          aria-hidden="true"
          className="svg-inline--fa fa-user fa-w-14 fa-7x "
          data-icon="user"
          data-prefix="fas"
          focusable="false"
          role="img"
          style={Object {}}
          viewBox="0 0 448 512"
          xmlns="http://www.w3.org/2000/svg"
        >
          <path
            d="M224 256c70.7 0 128-57.3 128-128S294.7 0 224 0 96 57.3 96 128s57.3 128 128 128zm89.6 32h-16.7c-22.2 10.2-46.9 16-72.9 16s-50.6-5.8-72.9-16h-16.7C60.2 288 0 348.2 0 422.4V464c0 26.5 21.5 48 48 48h352c26.5 0 48-21.5 48-48v-41.6c0-74.2-60.2-134.4-134.4-134.4z"
            fill="currentColor"
            style={Object {}}
          />
        </svg>
      </span>
    </section>
    <section
      className="section"
    >
      <span
        className="icon"
      >
        <svg
          aria-hidden="true"
          className="svg-inline--fa fa-user fa-w-14 fa-8x "
          data-icon="user"
          data-prefix="fas"
          focusable="false"
          role="img"
          style={Object {}}
          viewBox="0 0 448 512"
          xmlns="http://www.w3.org/2000/svg"
        >
          <path
            d="M224 256c70.7 0 128-57.3 128-128S294.7 0 224 0 96 57.3 96 128s57.3 128 128 128zm89.6 32h-16.7c-22.2 10.2-46.9 16-72.9 16s-50.6-5.8-72.9-16h-16.7C60.2 288 0 348.2 0 422.4V464c0 26.5 21.5 48 48 48h352c26.5 0 48-21.5 48-48v-41.6c0-74.2-60.2-134.4-134.4-134.4z"
            fill="currentColor"
            style={Object {}}
          />
        </svg>
      </span>
    </section>
    <section
      className="section"
    >
      <span
        className="icon"
      >
        <svg
          aria-hidden="true"
          className="svg-inline--fa fa-user fa-w-14 fa-9x "
          data-icon="user"
          data-prefix="fas"
          focusable="false"
          role="img"
          style={Object {}}
          viewBox="0 0 448 512"
          xmlns="http://www.w3.org/2000/svg"
        >
          <path
            d="M224 256c70.7 0 128-57.3 128-128S294.7 0 224 0 96 57.3 96 128s57.3 128 128 128zm89.6 32h-16.7c-22.2 10.2-46.9 16-72.9 16s-50.6-5.8-72.9-16h-16.7C60.2 288 0 348.2 0 422.4V464c0 26.5 21.5 48 48 48h352c26.5 0 48-21.5 48-48v-41.6c0-74.2-60.2-134.4-134.4-134.4z"
            fill="currentColor"
            style={Object {}}
          />
        </svg>
      </span>
    </section>
  </section>,
  <section
    className="section"
  >
    <h1
      className="title"
    >
      Fixed Width Icon
    </h1>
    <span
      className="icon has-text-warning"
    >
      <svg
        aria-hidden="true"
        className="svg-inline--fa fa-home fa-w-18 fa-fw "
        data-icon="home"
        data-prefix="fas"
        focusable="false"
        role="img"
        style={Object {}}
        viewBox="0 0 576 512"
        xmlns="http://www.w3.org/2000/svg"
      >
        <path
          d="M280.37 148.26L96 300.11V464a16 16 0 0 0 16 16l112.06-.29a16 16 0 0 0 15.92-16V368a16 16 0 0 1 16-16h64a16 16 0 0 1 16 16v95.64a16 16 0 0 0 16 16.05L464 480a16 16 0 0 0 16-16V300L295.67 148.26a12.19 12.19 0 0 0-15.3 0zM571.6 251.47L488 182.56V44.05a12 12 0 0 0-12-12h-56a12 12 0 0 0-12 12v72.61L318.47 43a48 48 0 0 0-61 0L4.34 251.47a12 12 0 0 0-1.6 16.9l25.5 31A12 12 0 0 0 45.15 301l235.22-193.74a12.19 12.19 0 0 1 15.3 0L530.9 301a12 12 0 0 0 16.9-1.6l25.5-31a12 12 0 0 0-1.7-16.93z"
          fill="currentColor"
          style={Object {}}
        />
      </svg>
    </span>
  </section>,
  <section
    className="section"
  >
    <h1
      className="title"
    >
      Bordered Icon
    </h1>
    <span
      className="icon has-text-info"
    >
      <svg
        aria-hidden="true"
        className="svg-inline--fa fa-user fa-w-14 fa-border fa-lg "
        data-icon="user"
        data-prefix="fas"
        focusable="false"
        role="img"
        style={Object {}}
        viewBox="0 0 448 512"
        xmlns="http://www.w3.org/2000/svg"
      >
        <path
          d="M224 256c70.7 0 128-57.3 128-128S294.7 0 224 0 96 57.3 96 128s57.3 128 128 128zm89.6 32h-16.7c-22.2 10.2-46.9 16-72.9 16s-50.6-5.8-72.9-16h-16.7C60.2 288 0 348.2 0 422.4V464c0 26.5 21.5 48 48 48h352c26.5 0 48-21.5 48-48v-41.6c0-74.2-60.2-134.4-134.4-134.4z"
          fill="currentColor"
          style={Object {}}
        />
      </svg>
    </span>
  </section>,
  <section
    className="section"
  >
    <h1
      className="title"
    >
      Animated Icon
    </h1>
    <span
      className="icon has-text-danger"
    >
      <svg
        aria-hidden="true"
        className="svg-inline--fa fa-home fa-w-18 fa-spin "
        data-icon="home"
        data-prefix="fas"
        focusable="false"
        role="img"
        style={Object {}}
        viewBox="0 0 576 512"
        xmlns="http://www.w3.org/2000/svg"
      >
        <path
          d="M280.37 148.26L96 300.11V464a16 16 0 0 0 16 16l112.06-.29a16 16 0 0 0 15.92-16V368a16 16 0 0 1 16-16h64a16 16 0 0 1 16 16v95.64a16 16 0 0 0 16 16.05L464 480a16 16 0 0 0 16-16V300L295.67 148.26a12.19 12.19 0 0 0-15.3 0zM571.6 251.47L488 182.56V44.05a12 12 0 0 0-12-12h-56a12 12 0 0 0-12 12v72.61L318.47 43a48 48 0 0 0-61 0L4.34 251.47a12 12 0 0 0-1.6 16.9l25.5 31A12 12 0 0 0 45.15 301l235.22-193.74a12.19 12.19 0 0 1 15.3 0L530.9 301a12 12 0 0 0 16.9-1.6l25.5-31a12 12 0 0 0-1.7-16.93z"
          fill="currentColor"
          style={Object {}}
        />
      </svg>
    </span>
  </section>,
  <section
    className="section"
  >
    <h1
      className="title"
    >
      Rotated & Flipped
    </h1>
    <span
      className="icon has-text-info"
    >
      <svg
        aria-hidden="true"
        className="svg-inline--fa fa-home fa-w-18 "
        data-icon="home"
        data-prefix="fas"
        focusable="false"
        role="img"
        style={
          Object {
            "transformOrigin": "0.5625em 0.5em",
          }
        }
        viewBox="0 0 576 512"
        xmlns="http://www.w3.org/2000/svg"
      >
        <g
          style={Object {}}
          transform="translate(288 256)"
        >
          <g
            style={Object {}}
            transform="translate(0, 0)  scale(1, 1)  rotate(90 0 0)"
          >
            <path
              d="M280.37 148.26L96 300.11V464a16 16 0 0 0 16 16l112.06-.29a16 16 0 0 0 15.92-16V368a16 16 0 0 1 16-16h64a16 16 0 0 1 16 16v95.64a16 16 0 0 0 16 16.05L464 480a16 16 0 0 0 16-16V300L295.67 148.26a12.19 12.19 0 0 0-15.3 0zM571.6 251.47L488 182.56V44.05a12 12 0 0 0-12-12h-56a12 12 0 0 0-12 12v72.61L318.47 43a48 48 0 0 0-61 0L4.34 251.47a12 12 0 0 0-1.6 16.9l25.5 31A12 12 0 0 0 45.15 301l235.22-193.74a12.19 12.19 0 0 1 15.3 0L530.9 301a12 12 0 0 0 16.9-1.6l25.5-31a12 12 0 0 0-1.7-16.93z"
              fill="currentColor"
              style={Object {}}
              transform="translate(-288 -256)"
            />
          </g>
        </g>
      </svg>
    </span>
    <span
      className="icon has-text-info"
    >
      <svg
        aria-hidden="true"
        className="svg-inline--fa fa-home fa-w-18 "
        data-icon="home"
        data-prefix="fas"
        focusable="false"
        role="img"
        style={
          Object {
            "transformOrigin": "0.5625em 0.5em",
          }
        }
        viewBox="0 0 576 512"
        xmlns="http://www.w3.org/2000/svg"
      >
        <g
          style={Object {}}
          transform="translate(288 256)"
        >
          <g
            style={Object {}}
            transform="translate(0, 0)  scale(1, 1)  rotate(180 0 0)"
          >
            <path
              d="M280.37 148.26L96 300.11V464a16 16 0 0 0 16 16l112.06-.29a16 16 0 0 0 15.92-16V368a16 16 0 0 1 16-16h64a16 16 0 0 1 16 16v95.64a16 16 0 0 0 16 16.05L464 480a16 16 0 0 0 16-16V300L295.67 148.26a12.19 12.19 0 0 0-15.3 0zM571.6 251.47L488 182.56V44.05a12 12 0 0 0-12-12h-56a12 12 0 0 0-12 12v72.61L318.47 43a48 48 0 0 0-61 0L4.34 251.47a12 12 0 0 0-1.6 16.9l25.5 31A12 12 0 0 0 45.15 301l235.22-193.74a12.19 12.19 0 0 1 15.3 0L530.9 301a12 12 0 0 0 16.9-1.6l25.5-31a12 12 0 0 0-1.7-16.93z"
              fill="currentColor"
              style={Object {}}
              transform="translate(-288 -256)"
            />
          </g>
        </g>
      </svg>
    </span>
    <span
      className="icon has-text-info"
    >
      <svg
        aria-hidden="true"
        className="svg-inline--fa fa-home fa-w-18 "
        data-icon="home"
        data-prefix="fas"
        focusable="false"
        role="img"
        style={
          Object {
            "transformOrigin": "0.5625em 0.5em",
          }
        }
        viewBox="0 0 576 512"
        xmlns="http://www.w3.org/2000/svg"
      >
        <g
          style={Object {}}
          transform="translate(288 256)"
        >
          <g
            style={Object {}}
            transform="translate(0, 0)  scale(1, 1)  rotate(270 0 0)"
          >
            <path
              d="M280.37 148.26L96 300.11V464a16 16 0 0 0 16 16l112.06-.29a16 16 0 0 0 15.92-16V368a16 16 0 0 1 16-16h64a16 16 0 0 1 16 16v95.64a16 16 0 0 0 16 16.05L464 480a16 16 0 0 0 16-16V300L295.67 148.26a12.19 12.19 0 0 0-15.3 0zM571.6 251.47L488 182.56V44.05a12 12 0 0 0-12-12h-56a12 12 0 0 0-12 12v72.61L318.47 43a48 48 0 0 0-61 0L4.34 251.47a12 12 0 0 0-1.6 16.9l25.5 31A12 12 0 0 0 45.15 301l235.22-193.74a12.19 12.19 0 0 1 15.3 0L530.9 301a12 12 0 0 0 16.9-1.6l25.5-31a12 12 0 0 0-1.7-16.93z"
              fill="currentColor"
              style={Object {}}
              transform="translate(-288 -256)"
            />
          </g>
        </g>
      </svg>
    </span>
    <span
      className="icon has-text-info"
    >
      <svg
        aria-hidden="true"
        className="svg-inline--fa fa-home fa-w-18 "
        data-icon="home"
        data-prefix="fas"
        focusable="false"
        role="img"
        style={
          Object {
            "transformOrigin": "0.5625em 0.5em",
          }
        }
        viewBox="0 0 576 512"
        xmlns="http://www.w3.org/2000/svg"
      >
        <g
          style={Object {}}
          transform="translate(288 256)"
        >
          <g
            style={Object {}}
            transform="translate(0, 0)  scale(-1, 1)  rotate(0 0 0)"
          >
            <path
              d="M280.37 148.26L96 300.11V464a16 16 0 0 0 16 16l112.06-.29a16 16 0 0 0 15.92-16V368a16 16 0 0 1 16-16h64a16 16 0 0 1 16 16v95.64a16 16 0 0 0 16 16.05L464 480a16 16 0 0 0 16-16V300L295.67 148.26a12.19 12.19 0 0 0-15.3 0zM571.6 251.47L488 182.56V44.05a12 12 0 0 0-12-12h-56a12 12 0 0 0-12 12v72.61L318.47 43a48 48 0 0 0-61 0L4.34 251.47a12 12 0 0 0-1.6 16.9l25.5 31A12 12 0 0 0 45.15 301l235.22-193.74a12.19 12.19 0 0 1 15.3 0L530.9 301a12 12 0 0 0 16.9-1.6l25.5-31a12 12 0 0 0-1.7-16.93z"
              fill="currentColor"
              style={Object {}}
              transform="translate(-288 -256)"
            />
          </g>
        </g>
      </svg>
    </span>
    <span
      className="icon has-text-info"
    >
      <svg
        aria-hidden="true"
        className="svg-inline--fa fa-home fa-w-18 "
        data-icon="home"
        data-prefix="fas"
        focusable="false"
        role="img"
        style={
          Object {
            "transformOrigin": "0.5625em 0.5em",
          }
        }
        viewBox="0 0 576 512"
        xmlns="http://www.w3.org/2000/svg"
      >
        <g
          style={Object {}}
          transform="translate(288 256)"
        >
          <g
            style={Object {}}
            transform="translate(0, 0)  scale(1, -1)  rotate(0 0 0)"
          >
            <path
              d="M280.37 148.26L96 300.11V464a16 16 0 0 0 16 16l112.06-.29a16 16 0 0 0 15.92-16V368a16 16 0 0 1 16-16h64a16 16 0 0 1 16 16v95.64a16 16 0 0 0 16 16.05L464 480a16 16 0 0 0 16-16V300L295.67 148.26a12.19 12.19 0 0 0-15.3 0zM571.6 251.47L488 182.56V44.05a12 12 0 0 0-12-12h-56a12 12 0 0 0-12 12v72.61L318.47 43a48 48 0 0 0-61 0L4.34 251.47a12 12 0 0 0-1.6 16.9l25.5 31A12 12 0 0 0 45.15 301l235.22-193.74a12.19 12.19 0 0 1 15.3 0L530.9 301a12 12 0 0 0 16.9-1.6l25.5-31a12 12 0 0 0-1.7-16.93z"
              fill="currentColor"
              style={Object {}}
              transform="translate(-288 -256)"
            />
          </g>
        </g>
      </svg>
    </span>
  </section>,
]
`;
