// Jest Snapshot v1, https://goo.gl/fbAQLP

exports[`Notification Example 1`] = `
Array [
  <section
    className="section"
  >
    <h1
      className="title"
    >
      Default Notification
    </h1>
    <div
      className="box"
    >
      <div
        className="notification"
      >
        Bold notification blocks, to alert your users of something Bold notification blocks, to alert your users of something Bold notification blocks, to alert your users of something
      </div>
    </div>
  </section>,
  <section
    className="section"
  >
    <h1
      className="title"
    >
      Colors
    </h1>
    <div
      className="box"
    >
      <div
        className="notification is-primary"
      >
        Bold notification blocks, to alert your users of something Bold notification blocks, to alert your users of something Bold notification blocks, to alert your users of something
        <a
          className="delete"
        />
      </div>
      <div
        className="notification is-success"
      >
        Bold notification blocks, to alert your users of something Bold notification blocks, to alert your users of something Bold notification blocks, to alert your users of something
        <a
          className="delete"
        />
      </div>
      <div
        className="notification is-warning"
      >
        Bold notification blocks, to alert your users of something Bold notification blocks, to alert your users of something Bold notification blocks, to alert your users of something
        <a
          className="delete"
        />
      </div>
      <div
        className="notification is-danger"
      >
        Bold notification blocks, to alert your users of something Bold notification blocks, to alert your users of something Bold notification blocks, to alert your users of something
        <a
          className="delete"
        />
      </div>
      <div
        className="notification is-white"
      >
        Bold notification blocks, to alert your users of something Bold notification blocks, to alert your users of something Bold notification blocks, to alert your users of something
        <a
          className="delete"
        />
      </div>
      <div
        className="notification is-black"
      >
        Bold notification blocks, to alert your users of something Bold notification blocks, to alert your users of something Bold notification blocks, to alert your users of something
        <a
          className="delete"
        />
      </div>
      <div
        className="notification is-dark"
      >
        Bold notification blocks, to alert your users of something Bold notification blocks, to alert your users of something Bold notification blocks, to alert your users of something
        <a
          className="delete"
        />
      </div>
      <div
        className="notification is-light"
      >
        Bold notification blocks, to alert your users of something Bold notification blocks, to alert your users of something Bold notification blocks, to alert your users of something
        <a
          className="delete"
        />
      </div>
    </div>
  </section>,
]
`;
