// Jest Snapshot v1, https://goo.gl/fbAQLP

exports[`Menu Example 1`] = `
<section
  className="section"
>
  <div
    className="box"
  >
    <aside
      className="menu"
    >
      <ul>
        <p
          className="menu-label"
        >
          General
        </p>
        <ul
          className="menu-list"
        >
          <li>
            <a
              className=""
              href="#/"
              onClick={[Function]}
            >
              Dashboard
            </a>
          </li>
          <li>
            <a
              className=""
              href="#/"
              onClick={[Function]}
            >
              Customers
            </a>
          </li>
        </ul>
        <p
          className="menu-label"
        >
          Administration
        </p>
        <ul
          className="menu-list"
        >
          <li>
            <a
              className=""
              href="#/"
              onClick={[Function]}
            >
              TeamSettings
            </a>
          </li>
          <li>
            <a
              className="is-active"
              href="#/"
              onClick={[Function]}
            >
              Manage your team
            </a>
          </li>
          <ul
            className="menu-list"
          >
            <li>
              <a
                className=""
                href="#/"
                onClick={[Function]}
              >
                Members
              </a>
            </li>
            <li>
              <a
                className=""
                href="#/"
                onClick={[Function]}
              >
                Plugins
              </a>
            </li>
            <li>
              <a
                className=""
                href="#/"
                onClick={[Function]}
              >
                Add a member
              </a>
            </li>
          </ul>
          <li>
            <a
              className=""
              href="#/"
              onClick={[Function]}
            >
              invitations
            </a>
          </li>
          <li>
            <a
              className=""
              href="#/"
              onClick={[Function]}
            >
              cloudstorage
            </a>
          </li>
          <li>
            <a
              className=""
              href="#/"
              onClick={[Function]}
            >
              invitations
            </a>
          </li>
          <p
            className="menu-label"
          >
            Transactions
          </p>
        </ul>
        <ul
          className="menu-list"
        >
          <li>
            <a
              className=""
              href="#/"
              onClick={[Function]}
            >
              payments
            </a>
          </li>
          <li>
            <a
              className=""
              href="#/"
              onClick={[Function]}
            >
              transfers
            </a>
          </li>
          <li>
            <a
              className=""
              href="#/"
              onClick={[Function]}
            >
              balance
            </a>
          </li>
        </ul>
      </ul>
    </aside>
  </div>
</section>
`;
