// Jest Snapshot v1, https://goo.gl/fbAQLP

exports[`Modal Example 1`] = `
Array [
  <section
    className="section"
  >
    <div
      className="control"
    >
      <button
        className="button is-primary is-large"
        onClick={[Function]}
        type="button"
      >
        Launch Media Modal
      </button>
    </div>
  </section>,
  <section
    className="section"
  >
    <div
      className="control"
    >
      <button
        className="button is-primary is-large"
        onClick={[Function]}
        type="button"
      >
        Launch Image Modal
      </button>
    </div>
  </section>,
  <section
    className="section"
  >
    <div
      className="control"
    >
      <button
        className="button is-primary is-large"
        onClick={[Function]}
        type="button"
      >
        Launch Card Modal
      </button>
    </div>
  </section>,
]
`;
