// Jest Snapshot v1, https://goo.gl/fbAQLP

exports[`Simple Form Example 1`] = `
<section
  className="section"
>
  <form
    action="#"
    onReset={[Function]}
    onSubmit={[Function]}
  >
    <div
      className="field"
    >
      <label
        className="label"
        htmlFor="username"
      >
        Username
      </label>
      <div
        className="control"
      >
        <input
          className="input"
          id="username"
          name="username"
          onBlur={[Function]}
          onChange={[Function]}
          type="text"
          value=""
        />
      </div>
    </div>
    <div
      className="field"
    >
      <label
        className="label"
        htmlFor="password"
      >
        Password
      </label>
      <div
        className="control"
      >
        <input
          className="input"
          id="password"
          name="password"
          onBlur={[Function]}
          onChange={[Function]}
          type="password"
          value=""
        />
      </div>
    </div>
    <div
      className="field"
    >
      <label
        className="label"
        htmlFor="email"
      >
        Email
      </label>
      <div
        className="control"
      >
        <input
          className="input"
          id="email"
          name="email"
          onBlur={[Function]}
          onChange={[Function]}
          type="email"
          value=""
        />
      </div>
    </div>
    <div
      className="field"
    >
      <label
        className="label"
        htmlFor="tel"
      >
        Telephone
      </label>
      <div
        className="control"
      >
        <input
          className="input"
          id="tel"
          name="tel"
          onBlur={[Function]}
          onChange={[Function]}
          type="tel"
          value={0}
        />
      </div>
    </div>
    <div
      className="field"
    >
      <label
        className="label"
        htmlFor="date"
      >
        Date
      </label>
      <div
        className="control"
      >
        <div
          className="react-datepicker-wrapper"
        >
          <div
            className="react-datepicker__input-container"
          >
            <input
              className="input"
              disabled={false}
              id="date"
              name="date"
              onBlur={[Function]}
              onChange={[Function]}
              onClick={[Function]}
              onFocus={[Function]}
              onKeyDown={[Function]}
              readOnly={false}
              type="text"
              value=""
            />
          </div>
        </div>
      </div>
    </div>
    <div
      className="field"
    >
      <label
        className="label"
        htmlFor="remember"
      >
         Remember Me
      </label>
      <div
        className="control"
      >
        <label
          className="checkbox"
        >
          <input
            checked={false}
            className="checkbox"
            id="remember"
            name="remember"
            onBlur={[Function]}
            onChange={[Function]}
            type="checkbox"
            value={false}
          />
        </label>
      </div>
    </div>
    <div
      className="field"
    >
      <label
        className="label"
        htmlFor="gender"
      >
        Gender
      </label>
      <div
        className="control"
      >
        <label
          className="radio"
        >
          <input
            checked={false}
            name="gender"
            onBlur={[Function]}
            onChange={[Function]}
            type="radio"
            value="female"
          />
           Female
        </label>
        <label
          className="radio"
        >
          <input
            checked={true}
            name="gender"
            onBlur={[Function]}
            onChange={[Function]}
            type="radio"
            value="male"
          />
           Male
        </label>
      </div>
    </div>
    <div
      className="field"
    >
      <label
        className="label"
        htmlFor="select"
      >
        Select
      </label>
      <div
        className="control"
      >
        <div
          className="select"
        >
          <select
            className=""
            id="select"
            name="select"
            onBlur={[Function]}
            onChange={[Function]}
            value="assistant"
          >
            <option
              value="associate"
            >
              associate
            </option>
            <option
              value="assistant"
            >
              assistant
            </option>
          </select>
        </div>
      </div>
    </div>
    <div
      className="field"
    >
      <label
        className="label"
        htmlFor="age"
      >
        Age
      </label>
      <div
        className="control"
      >
        <input
          className="input"
          id="age"
          name="age"
          onBlur={[Function]}
          onChange={[Function]}
          type="number"
          value={0}
        />
      </div>
    </div>
    <div
      className="field"
    >
      <label
        className="label"
        htmlFor="message"
      >
        TextArea
      </label>
      <div
        className="control"
      >
        <textarea
          className="textarea"
          id="message"
          name="message"
          onBlur={[Function]}
          onChange={[Function]}
          value=""
        />
      </div>
    </div>
    <div
      className="buttons"
    >
      <button
        className="button is-info"
        disabled={false}
        type="submit"
      >
        Submit
      </button>
      <button
        className="button is-danger"
        disabled={true}
        onClick={[Function]}
        type="reset"
      >
        Reset
      </button>
    </div>
    <pre>
      {
  "username": "",
  "password": "",
  "email": "",
  "tel": 0,
  "remember": false,
  "gender": "male",
  "select": "assistant",
  "message": "",
  "age": 0
}
    </pre>
  </form>
</section>
`;
